RAM Allocation [bytes]
Variable                                                                          Address   Size
------------------------------------------------------------------------------------------------
timer0_overflow_count                                                             0x0306       4
LF_NN                                                                             0x030A      76
OD_NN                                                                             0x0356      66
rcValue                                                                           0x0398       4
motorValue                                                                        0x039C       4
PCintLast                                                                         0x03A0       1
edgeTime                                                                          0x03A1       8
_seed                                                                             0x03A9       4

EEPROM Allocation [bytes]
Variable                                                                          Address   Size
------------------------------------------------------------------------------------------------

Register Allocation
Variable                                                                          Register  Size
------------------------------------------------------------------------------------------------
calibratedMaximum                                                                 R3,R4        2
calibratedMinimum                                                                 R5,R6        2

FLASH Allocation [words]
Function                                                                          Address   Size
------------------------------------------------------------------------------------------------
micros                                                                            0x000A8     52
Line_read                                                                         0x000DC    146
Line_autoCalib                                                                    0x0016E     55
Line_readLine                                                                     0x001A5     54
read_adc                                                                          0x001DB     28
Objects_readANN                                                                   0x001F7     90
Motors_setSpeeds                                                                  0x00251     68
Init                                                                              0x00295     38
GetOutput                                                                         0x002BB     54
NewWeights                                                                        0x002F1     64
pin_change_isr2                                                                   0x00331    187
timer0_ovf_isr                                                                    0x003EC     27
readBatteryMillis                                                                 0x00407     36
main                                                                              0x0042B    574
putchar                                                                           0x00669     10
puts                                                                              0x00673     18
put_usart_G100                                                                    0x00685     13
_ftoe_G100                                                                        0x00692    210
_print_G100                                                                       0x00764    539
printf                                                                            0x0097F     37
ftoa                                                                              0x009A4    194
rand                                                                              0x00A66     29
ftrunc                                                                            0x00A83     49
floor                                                                             0x00AB4     23
exp                                                                               0x00ACB    152
tanh                                                                              0x00B63     72
strcpyf                                                                           0x00BAB     13
strlen                                                                            0x00BB8     12
strlenf                                                                           0x00BC4     13
